// Jest Snapshot v1, https://goo.gl/fbAQLP

exports[`Pruebas en <GifItem /> Debe de hacer match con snapshot 1`] = `
<div>
  <div
    class="card"
  >
    <img
      alt="Batman"
      src="https://batman.gif"
    />
    <p>
      Batman
    </p>
  </div>
</div>
`;
